// Jest Snapshot v1, https://goo.gl/fbAQLP

exports[`renders with button disabled and circular progress if loading 1`] = `
<div>
  <div
    class="MuiBox-root MuiBox-root-50 makeStyles-wrapper-47"
  >
    <button
      class="MuiButtonBase-root MuiButton-root MuiButton-text Mui-disabled Mui-disabled"
      disabled=""
      tabindex="-1"
      type="button"
    >
      <span
        class="MuiButton-label"
      />
    </button>
    <div
      class="MuiCircularProgress-root makeStyles-progress-48 MuiCircularProgress-colorSecondary MuiCircularProgress-indeterminate"
      role="progressbar"
      style="width: 28px; height: 28px;"
    >
      <svg
        class="MuiCircularProgress-svg"
        viewBox="22 22 44 44"
      >
        <circle
          class="MuiCircularProgress-circle MuiCircularProgress-circleIndeterminate"
          cx="44"
          cy="44"
          fill="none"
          r="20.2"
          stroke-width="3.6"
        />
      </svg>
    </div>
  </div>
</div>
`;

exports[`renders with button not disabled and with no pr ogress if not loading 1`] = `
<div>
  <div
    class="MuiBox-root MuiBox-root-98 makeStyles-wrapper-95"
  >
    <button
      class="MuiButtonBase-root MuiButton-root MuiButton-text"
      tabindex="0"
      type="button"
    >
      <span
        class="MuiButton-label"
      />
      <span
        class="MuiTouchRipple-root"
      />
    </button>
  </div>
</div>
`;
