// Jest Snapshot v1, https://goo.gl/fbAQLP

exports[`Auth is rendered correctly 1`] = `
<body>
  <div>
    <div
      class="MuiBox-root MuiBox-root makeStyles-root"
    >
      <div
        class="MuiBox-root MuiBox-root makeStyles-root"
      >
        <div
          class="spot-primary"
          id="spot1"
        />
        <div
          class="spot-primary-dark"
          id="spot2"
        />
        <div
          class="spot-secondary"
          id="spot3"
        />
      </div>
      <div
        class="MuiContainer-root makeStyles-contentRoot MuiContainer-maxWidthSm"
      >
        <div
          class="MuiPaper-root makeStyles-paperRoot MuiPaper-elevation15 MuiPaper-rounded makeStyles-paperRounded"
        >
          <div
            class="MuiBox-root MuiBox-root makeStyles-container"
          >
            <div
              class="MuiContainer-root makeStyles-root MuiContainer-maxWidthLg"
            >
              <svg
                height="100"
                version="1.1"
                viewBox="0 0 264.58 264.58"
                width="100"
                xmlns="http://www.w3.org/2000/svg"
              >
                <g
                  fill="none"
                  stroke="currentColor"
                  stroke-linecap="round"
                  stroke-width="10"
                >
                  <path
                    d="m88.221 45h94.89"
                  />
                  <path
                    d="m110.52 31h21.776"
                  />
                  <path
                    d="m144.1 31 11.926 0.05635"
                  />
                  <path
                    d="m197.09 157 11.926 0.0563"
                  />
                  <path
                    d="m164.06 143.12h44.176"
                  />
                  <path
                    d="m139.74 143 11.926 0.0563"
                  />
                  <path
                    d="m181.03 199.07 11.926 0.0563"
                  />
                  <path
                    d="m187.35 185.06h21.776"
                  />
                  <path
                    d="m187.41 171h21.776"
                  />
                  <path
                    d="m182.43 59 11.926 0.05635"
                  />
                  <path
                    d="m182.89 73h21.776"
                  />
                  <path
                    d="m75.391 59h21.776"
                  />
                  <path
                    d="m60.117 73 11.926 0.05635"
                  />
                  <path
                    d="m72 87 11.926 0.05635"
                  />
                  <path
                    d="m192.66 87 11.926 0.05635"
                  />
                  <path
                    d="m58 101h21.776"
                  />
                  <path
                    d="m58 129 11.926 0.0564"
                  />
                  <path
                    d="m58 115h21.776"
                  />
                  <path
                    d="m58 143 11.926 0.0564"
                  />
                  <path
                    d="m72 157 11.926 0.0563"
                  />
                  <path
                    d="m62.153 171h21.776"
                  />
                  <path
                    d="m62.559 185.05 11.926 0.0563"
                  />
                  <path
                    d="m88.237 185 11.926 0.0563"
                  />
                  <path
                    d="m69.896 199.01h21.776"
                  />
                  <path
                    d="m79.718 213 11.926 0.0563"
                  />
                  <path
                    d="m105.57 213h21.776"
                  />
                  <path
                    d="m109.84 227h44.176"
                  />
                  <path
                    d="m168.09 227.14 11.926 0.0563"
                  />
                  <path
                    d="m154.93 213 11.926 0.0563"
                  />
                  <path
                    d="m180.82 213h21.776"
                  />
                  <g
                    fill="currentColor"
                    stroke="none"
                  >
                    <circle
                      cx="182.98"
                      cy="157"
                      r="5"
                    />
                    <circle
                      cx="58"
                      cy="157"
                      r="5"
                    />
                    <circle
                      cx="168.51"
                      cy="59"
                      r="5"
                    />
                    <circle
                      cx="86.307"
                      cy="73"
                      r="5"
                    />
                    <circle
                      cx="207.14"
                      cy="199"
                      r="5"
                    />
                    <circle
                      cx="84"
                      cy="143"
                      r="5"
                    />
                    <circle
                      cx="141.15"
                      cy="213"
                      r="5"
                    />
                    <circle
                      cx="84"
                      cy="129"
                      r="5"
                    />
                    <circle
                      cx="95.652"
                      cy="227"
                      r="5"
                    />
                    <circle
                      cx="105.66"
                      cy="199.01"
                      r="5"
                    />
                    <circle
                      cx="58"
                      cy="87"
                      r="5"
                    />
                  </g>
                </g>
              </svg>
              <h5
                class="MuiTypography-root MuiTypography-h5"
              >
                <b>
                  My Group Car
                </b>
              </h5>
            </div>
            <div
              class="makeStyles-contentWrapper"
            >
              <div
                class="makeStyles-content"
              >
                <div
                  class="MuiContainer-root MuiContainer-maxWidthXs"
                >
                  <div
                    class="MuiGrid-root MuiGrid-container MuiGrid-spacing-xs-4 MuiGrid-direction-xs-column MuiGrid-align-items-xs-center"
                  >
                    <h6
                      class="MuiTypography-root MuiTypography-h6 MuiTypography-colorTextSecondary MuiTypography-alignCenter"
                    >
                      auth.title
                    </h6>
                    <div
                      class="MuiGrid-root makeStyles-buttonContainer MuiGrid-item"
                    >
                      <button
                        class="MuiButtonBase-root MuiButton-root MuiButton-contained makeStyles-contained MuiButton-containedPrimary MuiButton-fullWidth"
                        tabindex="0"
                        type="button"
                      >
                        <span
                          class="MuiButton-label makeStyles-buttonLabel"
                        >
                          form.login
                        </span>
                      </button>
                    </div>
                    <div
                      class="MuiGrid-root makeStyles-buttonContainer MuiGrid-item"
                    >
                      <button
                        class="MuiButtonBase-root MuiButton-root MuiButton-contained makeStyles-contained MuiButton-containedPrimary MuiButton-fullWidth"
                        tabindex="0"
                        type="button"
                      >
                        <span
                          class="MuiButton-label makeStyles-buttonLabel"
                        >
                          form.sign-up
                        </span>
                      </button>
                    </div>
                    <p
                      class="MuiTypography-root MuiTypography-body1 MuiTypography-colorTextSecondary"
                    >
                      auth.tryDemo
                    </p>
                  </div>
                </div>
              </div>
            </div>
          </div>
        </div>
      </div>
      <div
        class="MuiBox-root MuiBox-root makeStyles-footer"
      >
        <div
          class="MuiGrid-root makeStyles-footerLinks MuiGrid-container MuiGrid-spacing-xs-2"
        >
          <div
            class="MuiGrid-root MuiGrid-item"
          >
            <button
              class="MuiTypography-root MuiLink-root MuiLink-underlineHover MuiLink-button MuiTypography-colorInherit"
            >
              privacyPolicy.title
            </button>
          </div>
          <div
            class="MuiGrid-root MuiGrid-item"
          >
            <button
              class="MuiTypography-root MuiLink-root MuiLink-underlineHover MuiLink-button MuiTypography-colorInherit"
            >
              imprint.title
            </button>
          </div>
        </div>
      </div>
    </div>
  </div>
</body>
`;
